// Jest Snapshot v1, https://goo.gl/fbAQLP

exports[`types validation module casters throws if value is not castable to Boolean 1`] = `"Cannot cast >><< to Boolean"`;

exports[`types validation module casters throws if value is not castable to Boolean 2`] = `"Cannot cast >>[object Object]<< to Boolean"`;

exports[`types validation module casters throws if value is not castable to Boolean 3`] = `"Cannot cast >>66<< to Boolean"`;

exports[`types validation module casters throws if value is not castable to Boolean 4`] = `"Cannot cast >>2<< to Boolean"`;

exports[`types validation module casters throws if value is not castable to Boolean 5`] = `"Cannot cast >>string<< to Boolean"`;

exports[`types validation module casters throws if value is not castable to number 1`] = `"Cannot cast >>hi<< to Number"`;

exports[`types validation module casters throws if value is not castable to number 2`] = `"Cannot cast >>[object Object]<< to Number"`;

exports[`types validation module casters throws if value is not castable to string 1`] = `"Cannot cast >><< to String"`;

exports[`types validation module casters throws if value is not castable to string 2`] = `"Cannot cast >>[object Object]<< to String"`;
